// Jest Snapshot v1, https://goo.gl/fbAQLP

exports[`renders correctly 1`] = `
<View
  style={
    Object {
      "alignItems": "center",
      "flexDirection": "row",
      "padding": 8,
    }
  }
>
  <Text
    accessible={true}
    allowFontScaling={false}
    disabled={false}
    ellipsizeMode="tail"
    style={
      Array [
        Object {
          "color": "black",
          "fontSize": 30,
        },
        undefined,
        Object {
          "fontFamily": "Material Icons",
          "fontStyle": "normal",
          "fontWeight": "normal",
        },
      ]
    }
  >
    î•›
  </Text>
  <TextInput
    onChangeText={[Function]}
    placeholder="T"
    style={
      Object {
        "flex": 1,
        "fontSize": 22,
        "height": 50,
        "padding": 8,
      }
    }
    value="Testing"
  />
</View>
`;
