// Jest Snapshot v1, https://goo.gl/fbAQLP

exports[`renders correctly 1`] = `
<View
  style={
    Object {
      "alignItems": "center",
      "backgroundColor": "#FFFFFF",
      "borderColor": "#00a3fa",
      "borderRadius": 20,
      "borderWidth": 5,
      "height": 80,
      "justifyContent": "center",
      "overflow": "hidden",
    }
  }
>
  <Text
    accessible={true}
    allowFontScaling={true}
    disabled={false}
    ellipsizeMode="tail"
    style={
      Object {
        "color": "#222222",
        "fontSize": 28,
        "fontWeight": "bold",
      }
    }
  >
    lsb
  </Text>
</View>
`;
